
R version 4.0.2 (2020-06-22) -- "Taking Off Again"
Copyright (C) 2020 The R Foundation for Statistical Computing
Platform: x86_64-w64-mingw32/x64 (64-bit)

R is free software and comes with ABSOLUTELY NO WARRANTY.
You are welcome to redistribute it under certain conditions.
Type 'license()' or 'licence()' for distribution details.

  Natural language support but running in an English locale

R is a collaborative project with many contributors.
Type 'contributors()' for more information and
'citation()' on how to cite R or R packages in publications.

Type 'demo()' for some demos, 'help()' for on-line help, or
'help.start()' for an HTML browser interface to help.
Type 'q()' to quit R.

[Previously saved workspace restored]

> # library(devtools)
> # Sys.setenv("R_REMOTES_NO_ERRORS_FROM_WARNINGS" = "true")
> # devtools::install_github("lotze/COMPoissonReg", ref = "v0.7.1")
> library(COMPoissonReg)
Loading required package: Rcpp
Warning message:
package 'Rcpp' was built under R version 4.0.5 
> 
> # wd <- dirname(rstudioapi::getSourceEditorContext()$path)
> # wd <- "D:/GitHub/COM_POISSON/runRcode"
> wd <- "C:/Users/gaw19004/Documents/GitHub/COM_POISSON/runRcode"
> 
> 
> y <- read.csv(paste0(wd, '/y.csv'), header = F)
> X <- read.csv(paste0(wd, '/X.csv'), header = F)
> G <- read.csv(paste0(wd, '/G.csv'), header = F)
> 
> 
> fitData <- data.frame(y = y, X = X, G = G)
> xnam <- paste("x", 0:(ncol(X)-1), sep="")
> gnam <- paste("g", 0:(ncol(G)-1), sep="")
> 
> names(fitData)[1] <- 'y' 
> names(fitData)[2:(ncol(X) + 1)] <- xnam
> names(fitData)[(ncol(X) + 2):ncol(fitData)] <- gnam
> 
> if(length(xnam) > 1){xnam2 <- xnam[-1]}else{xnam2 <- 1}
> if(length(gnam) > 1){gnam2 <- gnam[-1]}else{gnam2 <- 1}
> 
> fmlaX <- as.formula(paste('y~',
+                           paste(xnam2, collapse= "+")))
> fmlaG <- as.formula(paste('y~',
+                           paste(gnam2, collapse= "+")))
> 
> cmpFit <- glm.cmp(fmlaX,
+                   fmlaG, data = fitData)
> beta <- unname(cmpFit$beta)
> gam <- unname(cmpFit$gamma)
> 
> write.csv(c(beta, gam),
+           file = paste0(wd, '/cmp_t1.csv'), row.names = F)
> 
> # nu(cmpFit)
> # cmpFitted<- predict(cmpFit, newdata=newD)
> 
> 
> 
> # posFit <- glm(y ~ ., data = fitData,
> #               family=poisson)
> # posFitted <- predict(posFit, newdata=newD, type = 'response')
> # 
> # x0 <- seq(0, 2*pi, length.out = 256)
> # 
> # plot(theta$V1, y)
> # lines(x0, cmpFitted, col = 'red')
> # lines(x0, posFitted, col = 'blue')
> 
> 
> 
> 
> 
> 
> 
> proc.time()
   user  system elapsed 
   2.07    0.07    2.14 
